Archive member included to satisfy reference by file (symbol)

c:/coocox/coide/gcc-arm-none-eabi-5_2/bin/../lib/gcc/arm-none-eabi/5.2.1/armv6-m\libgcc.a(_udivsi3.o)
                              ..\obj\stm32f0xx_rcc.o (__aeabi_uidiv)
c:/coocox/coide/gcc-arm-none-eabi-5_2/bin/../lib/gcc/arm-none-eabi/5.2.1/armv6-m\libgcc.a(_dvmd_tls.o)
                              c:/coocox/coide/gcc-arm-none-eabi-5_2/bin/../lib/gcc/arm-none-eabi/5.2.1/armv6-m\libgcc.a(_udivsi3.o) (__aeabi_idiv0)

Allocating common symbols
Common symbol       size              file

GPIO_InitStructure  0x8               ..\obj\main.o

Discarded input sections

 .text          0x00000000        0x0 ..\obj\stm32f0xx_rcc.o
 .data          0x00000000       0x10 ..\obj\stm32f0xx_rcc.o
 .bss           0x00000000        0x0 ..\obj\stm32f0xx_rcc.o
 .text.RCC_DeInit
                0x00000000       0x88 ..\obj\stm32f0xx_rcc.o
 .text.RCC_HSEConfig
                0x00000000       0x28 ..\obj\stm32f0xx_rcc.o
 .text.RCC_WaitForHSEStartUp
                0x00000000       0x60 ..\obj\stm32f0xx_rcc.o
 .text.RCC_AdjustHSICalibrationValue
                0x00000000       0x3c ..\obj\stm32f0xx_rcc.o
 .text.RCC_HSICmd
                0x00000000       0x3c ..\obj\stm32f0xx_rcc.o
 .text.RCC_AdjustHSI14CalibrationValue
                0x00000000       0x3c ..\obj\stm32f0xx_rcc.o
 .text.RCC_HSI14Cmd
                0x00000000       0x3c ..\obj\stm32f0xx_rcc.o
 .text.RCC_HSI14ADCRequestCmd
                0x00000000       0x3c ..\obj\stm32f0xx_rcc.o
 .text.RCC_LSEConfig
                0x00000000       0x38 ..\obj\stm32f0xx_rcc.o
 .text.RCC_LSEDriveConfig
                0x00000000       0x2c ..\obj\stm32f0xx_rcc.o
 .text.RCC_LSICmd
                0x00000000       0x3c ..\obj\stm32f0xx_rcc.o
 .text.RCC_PLLConfig
                0x00000000       0x38 ..\obj\stm32f0xx_rcc.o
 .text.RCC_PLLCmd
                0x00000000       0x40 ..\obj\stm32f0xx_rcc.o
 .text.RCC_PREDIV1Config
                0x00000000       0x34 ..\obj\stm32f0xx_rcc.o
 .text.RCC_ClockSecuritySystemCmd
                0x00000000       0x40 ..\obj\stm32f0xx_rcc.o
 .text.RCC_MCOConfig
                0x00000000       0x48 ..\obj\stm32f0xx_rcc.o
 .text.RCC_SYSCLKConfig
                0x00000000       0x34 ..\obj\stm32f0xx_rcc.o
 .text.RCC_GetSYSCLKSource
                0x00000000       0x1c ..\obj\stm32f0xx_rcc.o
 .text.RCC_HCLKConfig
                0x00000000       0x34 ..\obj\stm32f0xx_rcc.o
 .text.RCC_PCLKConfig
                0x00000000       0x38 ..\obj\stm32f0xx_rcc.o
 .text.RCC_ADCCLKConfig
                0x00000000       0x54 ..\obj\stm32f0xx_rcc.o
 .text.RCC_CECCLKConfig
                0x00000000       0x2c ..\obj\stm32f0xx_rcc.o
 .text.RCC_I2CCLKConfig
                0x00000000       0x2c ..\obj\stm32f0xx_rcc.o
 .text.RCC_USARTCLKConfig
                0x00000000       0x2c ..\obj\stm32f0xx_rcc.o
 .text.RCC_GetClocksFreq
                0x00000000      0x1d0 ..\obj\stm32f0xx_rcc.o
 .text.RCC_RTCCLKConfig
                0x00000000       0x20 ..\obj\stm32f0xx_rcc.o
 .text.RCC_RTCCLKCmd
                0x00000000       0x40 ..\obj\stm32f0xx_rcc.o
 .text.RCC_BackupResetCmd
                0x00000000       0x40 ..\obj\stm32f0xx_rcc.o
 .text.RCC_APB2PeriphClockCmd
                0x00000000       0x40 ..\obj\stm32f0xx_rcc.o
 .text.RCC_APB1PeriphClockCmd
                0x00000000       0x40 ..\obj\stm32f0xx_rcc.o
 .text.RCC_AHBPeriphResetCmd
                0x00000000       0x40 ..\obj\stm32f0xx_rcc.o
 .text.RCC_APB2PeriphResetCmd
                0x00000000       0x40 ..\obj\stm32f0xx_rcc.o
 .text.RCC_APB1PeriphResetCmd
                0x00000000       0x40 ..\obj\stm32f0xx_rcc.o
 .text.RCC_ITConfig
                0x00000000       0x50 ..\obj\stm32f0xx_rcc.o
 .text.RCC_GetFlagStatus
                0x00000000       0x94 ..\obj\stm32f0xx_rcc.o
 .text.RCC_ClearFlag
                0x00000000       0x1c ..\obj\stm32f0xx_rcc.o
 .text.RCC_GetITStatus
                0x00000000       0x44 ..\obj\stm32f0xx_rcc.o
 .text.RCC_ClearITPendingBit
                0x00000000       0x20 ..\obj\stm32f0xx_rcc.o
 .text          0x00000000        0x0 ..\obj\main.o
 .bss           0x00000000        0x0 ..\obj\main.o
 COMMON         0x00000000        0x8 ..\obj\main.o
 .text          0x00000000       0x14 ..\obj\startup_stm32f0xx.o
 .data          0x00000000        0x0 ..\obj\startup_stm32f0xx.o
 .bss           0x00000000        0x0 ..\obj\startup_stm32f0xx.o
 .text          0x00000000        0x0 ..\obj\system_stm32f0xx_temp.o
 .data          0x00000000       0x14 ..\obj\system_stm32f0xx_temp.o
 .bss           0x00000000        0x0 ..\obj\system_stm32f0xx_temp.o
 .text.SystemCoreClockUpdate1
                0x00000000       0xd4 ..\obj\system_stm32f0xx_temp.o
 .text          0x00000000        0x0 ..\obj\stm32f0xx_gpio.o
 .data          0x00000000        0x0 ..\obj\stm32f0xx_gpio.o
 .bss           0x00000000        0x0 ..\obj\stm32f0xx_gpio.o
 .text.GPIO_DeInit
                0x00000000       0xcc ..\obj\stm32f0xx_gpio.o
 .text.GPIO_StructInit
                0x00000000       0x34 ..\obj\stm32f0xx_gpio.o
 .text.GPIO_PinLockConfig
                0x00000000       0x48 ..\obj\stm32f0xx_gpio.o
 .text.GPIO_ReadInputDataBit
                0x00000000       0x48 ..\obj\stm32f0xx_gpio.o
 .text.GPIO_ReadInputData
                0x00000000       0x18 ..\obj\stm32f0xx_gpio.o
 .text.GPIO_ReadOutputDataBit
                0x00000000       0x48 ..\obj\stm32f0xx_gpio.o
 .text.GPIO_ReadOutputData
                0x00000000       0x18 ..\obj\stm32f0xx_gpio.o
 .text.GPIO_SetBits
                0x00000000       0x20 ..\obj\stm32f0xx_gpio.o
 .text.GPIO_ResetBits
                0x00000000       0x20 ..\obj\stm32f0xx_gpio.o
 .text.GPIO_WriteBit
                0x00000000       0x3c ..\obj\stm32f0xx_gpio.o
 .text.GPIO_Write
                0x00000000       0x20 ..\obj\stm32f0xx_gpio.o
 .text.GPIO_PinAFConfig
                0x00000000       0xa4 ..\obj\stm32f0xx_gpio.o
 .text          0x00000000      0x114 c:/coocox/coide/gcc-arm-none-eabi-5_2/bin/../lib/gcc/arm-none-eabi/5.2.1/armv6-m\libgcc.a(_udivsi3.o)
 .data          0x00000000        0x0 c:/coocox/coide/gcc-arm-none-eabi-5_2/bin/../lib/gcc/arm-none-eabi/5.2.1/armv6-m\libgcc.a(_udivsi3.o)
 .bss           0x00000000        0x0 c:/coocox/coide/gcc-arm-none-eabi-5_2/bin/../lib/gcc/arm-none-eabi/5.2.1/armv6-m\libgcc.a(_udivsi3.o)
 .debug_frame   0x00000000       0x20 c:/coocox/coide/gcc-arm-none-eabi-5_2/bin/../lib/gcc/arm-none-eabi/5.2.1/armv6-m\libgcc.a(_udivsi3.o)
 .ARM.attributes
                0x00000000       0x1e c:/coocox/coide/gcc-arm-none-eabi-5_2/bin/../lib/gcc/arm-none-eabi/5.2.1/armv6-m\libgcc.a(_udivsi3.o)
 .text          0x00000000        0x4 c:/coocox/coide/gcc-arm-none-eabi-5_2/bin/../lib/gcc/arm-none-eabi/5.2.1/armv6-m\libgcc.a(_dvmd_tls.o)
 .data          0x00000000        0x0 c:/coocox/coide/gcc-arm-none-eabi-5_2/bin/../lib/gcc/arm-none-eabi/5.2.1/armv6-m\libgcc.a(_dvmd_tls.o)
 .bss           0x00000000        0x0 c:/coocox/coide/gcc-arm-none-eabi-5_2/bin/../lib/gcc/arm-none-eabi/5.2.1/armv6-m\libgcc.a(_dvmd_tls.o)
 .ARM.attributes
                0x00000000       0x1e c:/coocox/coide/gcc-arm-none-eabi-5_2/bin/../lib/gcc/arm-none-eabi/5.2.1/armv6-m\libgcc.a(_dvmd_tls.o)

Memory Configuration

Name             Origin             Length             Attributes
rom              0x08000000         0x00004000         xr
ram              0x20000000         0x00001000         xrw
*default*        0x00000000         0xffffffff

Linker script and memory map

                0x20001000                _eram = 0x20001000

.text           0x08000000      0x760
 *(.isr_vector)
 .isr_vector    0x08000000       0xc4 ..\obj\startup_stm32f0xx.o
                0x08000000                g_pfnVectors
 *(.text*)
 .text.RCC_AHBPeriphClockCmd
                0x080000c4       0x40 ..\obj\stm32f0xx_rcc.o
                0x080000c4                RCC_AHBPeriphClockCmd
 .text.pinMode  0x08000104       0x5c ..\obj\main.o
                0x08000104                pinMode
 .text.digitalWrite
                0x08000160       0x34 ..\obj\main.o
                0x08000160                digitalWrite
 .text.delay    0x08000194       0x20 ..\obj\main.o
                0x08000194                delay
 .text.setup    0x080001b4       0x5c ..\obj\main.o
                0x080001b4                setup
 .text.step1    0x08000210       0x58 ..\obj\main.o
                0x08000210                step1
 .text.step2    0x08000268       0x58 ..\obj\main.o
                0x08000268                step2
 .text.step3    0x080002c0       0x58 ..\obj\main.o
                0x080002c0                step3
 .text.step4    0x08000318       0x58 ..\obj\main.o
                0x08000318                step4
 .text.stopMotor
                0x08000370       0x4c ..\obj\main.o
                0x08000370                stopMotor
 .text.loop     0x080003bc       0xa8 ..\obj\main.o
                0x080003bc                loop
 .text.main     0x08000464       0x10 ..\obj\main.o
                0x08000464                main
 .text.Reset_Handler
                0x08000474       0x4c ..\obj\startup_stm32f0xx.o
                0x08000474                Reset_Handler
 .text.Default_Handler
                0x080004c0        0x2 ..\obj\startup_stm32f0xx.o
                0x080004c0                TIM1_CC_IRQHandler
                0x080004c0                HardFault_Handler
                0x080004c0                ADC1_COMP_IRQHandler
                0x080004c0                SysTick_Handler
                0x080004c0                PVD_IRQHandler
                0x080004c0                PendSV_Handler
                0x080004c0                NMI_Handler
                0x080004c0                I2C1_IRQHandler
                0x080004c0                SPI1_IRQHandler
                0x080004c0                TIM6_DAC_IRQHandler
                0x080004c0                EXTI2_3_IRQHandler
                0x080004c0                I2C2_IRQHandler
                0x080004c0                TIM17_IRQHandler
                0x080004c0                RTC_IRQHandler
                0x080004c0                TIM16_IRQHandler
                0x080004c0                TIM3_IRQHandler
                0x080004c0                EXTI4_15_IRQHandler
                0x080004c0                RCC_IRQHandler
                0x080004c0                DMA1_Channel1_IRQHandler
                0x080004c0                Default_Handler
                0x080004c0                CEC_IRQHandler
                0x080004c0                TIM14_IRQHandler
                0x080004c0                DMA1_Channel4_5_IRQHandler
                0x080004c0                TIM15_IRQHandler
                0x080004c0                EXTI0_1_IRQHandler
                0x080004c0                SPI2_IRQHandler
                0x080004c0                SVC_Handler
                0x080004c0                TS_IRQHandler
                0x080004c0                WWDG_IRQHandler
                0x080004c0                TIM2_IRQHandler
                0x080004c0                DMA1_Channel2_3_IRQHandler
                0x080004c0                USART2_IRQHandler
                0x080004c0                FLASH_IRQHandler
                0x080004c0                USART1_IRQHandler
                0x080004c0                TIM1_BRK_UP_TRG_COM_IRQHandler
 *fill*         0x080004c2        0x2 
 .text.SystemInit1
                0x080004c4       0x8c ..\obj\system_stm32f0xx_temp.o
                0x080004c4                SystemInit
                0x080004c4                SystemInit1
 .text.SetSysClock1
                0x08000550       0xe0 ..\obj\system_stm32f0xx_temp.o
                0x08000550                SetSysClock
 .text.GPIO_Init
                0x08000630      0x130 ..\obj\stm32f0xx_gpio.o
                0x08000630                GPIO_Init
 *(.init)
 *(.fini)
 *crtbegin.o(.ctors)
 *crtbegin?.o(.ctors)
 *(EXCLUDE_FILE(*crtend.o *crtend?.o) .ctors)
 *(SORT(.ctors.*))
 *(.ctors)
 *crtbegin.o(.dtors)
 *crtbegin?.o(.dtors)
 *(EXCLUDE_FILE(*crtend.o *crtend?.o) .dtors)
 *(SORT(.dtors.*))
 *(.dtors)
 *(.rodata*)
 *(.eh_fram e*)

.glue_7         0x08000760        0x0
 .glue_7        0x08000760        0x0 linker stubs

.glue_7t        0x08000760        0x0
 .glue_7t       0x08000760        0x0 linker stubs

.vfp11_veneer   0x08000760        0x0
 .vfp11_veneer  0x08000760        0x0 linker stubs

.v4_bx          0x08000760        0x0
 .v4_bx         0x08000760        0x0 linker stubs

.iplt           0x08000760        0x0
 .iplt          0x08000760        0x0 ..\obj\stm32f0xx_rcc.o

.rel.dyn        0x08000760        0x0
 .rel.iplt      0x08000760        0x0 ..\obj\stm32f0xx_rcc.o

.ARM.extab
 *(.ARM.extab* .gnu.linkonce.armextab.*)
                0x08000760                __exidx_start = .

.ARM.exidx
 *(.ARM.exidx* .gnu.linkonce.armexidx.*)
                0x08000760                __exidx_end = .
                0x08000760                __etext = .
                0x08000760                _sidata = __etext

.data           0x20000000       0x1c load address 0x08000760
                0x20000000                __data_start__ = .
                0x20000000                _sdata = __data_start__
 *(vtable)
 *(.data*)
 .data          0x20000000       0x1c ..\obj\main.o
                0x20000000                in1Pin
                0x20000004                in2Pin
                0x20000008                in3Pin
                0x2000000c                in4Pin
                0x20000010                led
                0x20000014                stepDelay
                0x20000018                stopDelay
                0x2000001c                . = ALIGN (0x4)
                [!provide]                PROVIDE (__preinit_array_start, .)
 *(.preinit_array)
                [!provide]                PROVIDE (__preinit_array_end, .)
                0x2000001c                . = ALIGN (0x4)
                [!provide]                PROVIDE (__init_array_start, .)
 *(SORT(.init_array.*))
 *(.init_array)
                [!provide]                PROVIDE (__init_array_end, .)
                0x2000001c                . = ALIGN (0x4)
                [!provide]                PROVIDE (__fini_array_start, .)
 *(SORT(.fini_array.*))
 *(.fini_array)
                [!provide]                PROVIDE (__fini_array_end, .)
 *(.jcr*)
                0x2000001c                . = ALIGN (0x4)
                0x2000001c                __data_end__ = .
                0x2000001c                _edata = __data_end__

.igot.plt       0x2000001c        0x0 load address 0x0800077c
 .igot.plt      0x2000001c        0x0 ..\obj\stm32f0xx_rcc.o

.bss            0x2000001c        0x0
                0x2000001c                . = ALIGN (0x4)
                0x2000001c                __bss_start__ = .
                0x2000001c                _sbss = __bss_start__
 *(.bss*)
 *(COMMON)
                0x2000001c                . = ALIGN (0x4)
                0x2000001c                __bss_end__ = .
                0x2000001c                _ebss = __bss_end__

.heap           0x2000001c        0x0
                0x2000001c                __end__ = .
                0x2000001c                _end = __end__
                0x2000001c                end = __end__
 *(.heap*)
                0x2000001c                __HeapLimit = .

.co_stack       0x2000001c        0x4 load address 0x0800077c
                0x20000020                . = ALIGN (0x8)
 *fill*         0x2000001c        0x4 
 *(.co_stack .co_stack.*)
                0x20001000                __StackTop = (ORIGIN (ram) + LENGTH (ram))
                0x20000ffc                __StackLimit = (__StackTop - SIZEOF (.co_stack))
                [!provide]                PROVIDE (__stack, __StackTop)
                0x00000001                ASSERT ((__StackLimit >= __HeapLimit), region ram  overflowed with stack)
LOAD ..\obj\stm32f0xx_rcc.o
LOAD ..\obj\main.o
LOAD ..\obj\startup_stm32f0xx.o
LOAD ..\obj\system_stm32f0xx_temp.o
LOAD ..\obj\stm32f0xx_gpio.o
START GROUP
LOAD c:/coocox/coide/gcc-arm-none-eabi-5_2/bin/../lib/gcc/arm-none-eabi/5.2.1/armv6-m\libgcc.a
LOAD c:/coocox/coide/gcc-arm-none-eabi-5_2/bin/../lib/gcc/arm-none-eabi/5.2.1/../../../../arm-none-eabi/lib/armv6-m\libg.a
LOAD c:/coocox/coide/gcc-arm-none-eabi-5_2/bin/../lib/gcc/arm-none-eabi/5.2.1/../../../../arm-none-eabi/lib/armv6-m\libc.a
END GROUP
OUTPUT(Stepper.elf elf32-littlearm)

.debug_info     0x00000000     0x17fb
 .debug_info    0x00000000      0x9c4 ..\obj\stm32f0xx_rcc.o
 .debug_info    0x000009c4      0x4bb ..\obj\main.o
 .debug_info    0x00000e7f       0xa2 ..\obj\startup_stm32f0xx.o
 .debug_info    0x00000f21      0x2f3 ..\obj\system_stm32f0xx_temp.o
 .debug_info    0x00001214      0x5e7 ..\obj\stm32f0xx_gpio.o

.debug_abbrev   0x00000000      0x695
 .debug_abbrev  0x00000000      0x1ee ..\obj\stm32f0xx_rcc.o
 .debug_abbrev  0x000001ee      0x1c0 ..\obj\main.o
 .debug_abbrev  0x000003ae       0x12 ..\obj\startup_stm32f0xx.o
 .debug_abbrev  0x000003c0      0x136 ..\obj\system_stm32f0xx_temp.o
 .debug_abbrev  0x000004f6      0x19f ..\obj\stm32f0xx_gpio.o

.debug_aranges  0x00000000      0x298
 .debug_aranges
                0x00000000      0x150 ..\obj\stm32f0xx_rcc.o
 .debug_aranges
                0x00000150       0x70 ..\obj\main.o
 .debug_aranges
                0x000001c0       0x28 ..\obj\startup_stm32f0xx.o
 .debug_aranges
                0x000001e8       0x30 ..\obj\system_stm32f0xx_temp.o
 .debug_aranges
                0x00000218       0x80 ..\obj\stm32f0xx_gpio.o

.debug_ranges   0x00000000      0x250
 .debug_ranges  0x00000000      0x140 ..\obj\stm32f0xx_rcc.o
 .debug_ranges  0x00000140       0x60 ..\obj\main.o
 .debug_ranges  0x000001a0       0x20 ..\obj\startup_stm32f0xx.o
 .debug_ranges  0x000001c0       0x20 ..\obj\system_stm32f0xx_temp.o
 .debug_ranges  0x000001e0       0x70 ..\obj\stm32f0xx_gpio.o

.debug_line     0x00000000      0xcc2
 .debug_line    0x00000000      0x503 ..\obj\stm32f0xx_rcc.o
 .debug_line    0x00000503      0x2a3 ..\obj\main.o
 .debug_line    0x000007a6       0xaa ..\obj\startup_stm32f0xx.o
 .debug_line    0x00000850      0x19e ..\obj\system_stm32f0xx_temp.o
 .debug_line    0x000009ee      0x2d4 ..\obj\stm32f0xx_gpio.o

.debug_str      0x00000000      0xb3c
 .debug_str     0x00000000      0x692 ..\obj\stm32f0xx_rcc.o
                                0x72b (size before relaxing)
 .debug_str     0x00000692      0x277 ..\obj\main.o
                                0x3be (size before relaxing)
 .debug_str     0x00000909       0xa9 ..\obj\system_stm32f0xx_temp.o
                                0x291 (size before relaxing)
 .debug_str     0x000009b2      0x18a ..\obj\stm32f0xx_gpio.o
                                0x481 (size before relaxing)

.comment        0x00000000       0x6e
 .comment       0x00000000       0x6e ..\obj\stm32f0xx_rcc.o
                                 0x6f (size before relaxing)
 .comment       0x0000006e       0x6f ..\obj\main.o
 .comment       0x0000006e       0x6f ..\obj\system_stm32f0xx_temp.o
 .comment       0x0000006e       0x6f ..\obj\stm32f0xx_gpio.o

.ARM.attributes
                0x00000000       0x2f
 .ARM.attributes
                0x00000000       0x31 ..\obj\stm32f0xx_rcc.o
 .ARM.attributes
                0x00000031       0x31 ..\obj\main.o
 .ARM.attributes
                0x00000062       0x21 ..\obj\startup_stm32f0xx.o
 .ARM.attributes
                0x00000083       0x31 ..\obj\system_stm32f0xx_temp.o
 .ARM.attributes
                0x000000b4       0x31 ..\obj\stm32f0xx_gpio.o

.debug_frame    0x00000000      0x854
 .debug_frame   0x00000000      0x4e4 ..\obj\stm32f0xx_rcc.o
 .debug_frame   0x000004e4      0x154 ..\obj\main.o
 .debug_frame   0x00000638       0x6c ..\obj\system_stm32f0xx_temp.o
 .debug_frame   0x000006a4      0x1b0 ..\obj\stm32f0xx_gpio.o
